// Jest Snapshot v1, https://goo.gl/fbAQLP

exports[`Should render expense list item with data 1`] = `
<Styled(div)>
  <Link
    to="/edit/1"
  >
    <h3>
      gum
    </h3>
  </Link>
  <p>
    $1.95
     -
    January 1st, 1970
  </p>
</Styled(div)>
`;
