// Jest Snapshot v1, https://goo.gl/fbAQLP

exports[`Should render dashboard page correctly 1`] = `
<Styled(div)>
  <Connect(ExpensesSummary) />
  <Connect(ExpenseListFilters) />
  <Connect(ExpenseList) />
</Styled(div)>
`;
