// Jest Snapshot v1, https://goo.gl/fbAQLP

exports[`Should render LoginPage correctly 1`] = `
<div>
  <Button
    active={false}
    disabled={false}
    type="button"
    variant="outline-primary"
  >
    Login
  </Button>
</div>
`;
