// Jest Snapshot v1, https://goo.gl/fbAQLP

exports[`Should render page not found page correctly 1`] = `ShallowWrapper {}`;
